0000010b A num_got_entries
bf000000 T _start
bf000400 t reset
bf000640 t SDR_INIT
bf000694 t DO_SDRINIT
bf0006a0 t WAIT_SDRAM_INIT_DOWN
bf0006b8 t SDRAM_INIT_DOWN
bf000768 T relocate_code
bf0007c4 t in_ram
bf000824 t romReserved
bf000828 t romExcHandle
bf000830 T sbrk
bf000880 T board_init_f
bf000abc T OperationSelect
bf000b64 T filename_copy
bf000bcc T tftp_config
bf0010e8 T config_usbotg
bf001194 T hang
bf0011c4 T rw_rf_reg
bf0012bc T adjust_voltage
bf001300 T board_init_r
bf001ee4 T adjust_frequency
bf001f50 T timer_init
bf001f64 T reset_timer
bf001f74 T get_timer
bf001f80 T set_timer
bf001f8c T udelay
bf002000 T get_ticks
bf002010 T get_tbclk
bf002020 T NetSetEther
bf00210c T ArpRequest
bf002278 t startAgainTimeout
bf002294 t startAgainHandler
bf00229c T NetSetTimeout
bf002300 T NetSetHandler
bf002318 T NetStartAgain
bf002498 T ArpTimeoutCheck
bf002568 T NetSendPacket
bf002580 T NetCksum
bf0025c8 T NetSetIP
bf00273c T NetSendUDPPacket
bf002908 T NetCksumOk
bf002948 T NetEthHdrSize
bf002990 T copy_filename
bf002a04 T ip_to_string
bf002a84 T print_IPaddr
bf002ac8 T NetReceive
bf003210 T string_to_ip
bf0032d4 T getenv_IPaddr
bf003310 T VLAN_to_string
bf003384 T string_to_VLAN
bf0033f4 T getenv_VLAN
bf003438 T NetLoop
bf003a90 t TftpSend
bf003cb0 t TftpHandler
bf00407c t TftpTimeout
bf004114 T TftpStart
bf0043e0 T eth_get_dev
bf0043f8 T eth_get_dev_index
bf004454 T eth_register
bf004550 T eth_initialize
bf0048d4 T eth_set_enetaddr
bf004a2c T eth_try_another
bf004b08 T eth_init
bf004bb8 T eth_halt
bf004c10 T eth_send
bf004c48 T eth_rx
bf004c7c T eth_set_current
bf004d44 T eth_get_name
bf004d70 t INL
bf004d84 t OUTL
bf004d98 T START_RT2880_ETH
bf004e4c T STOP_RT2880_ETH
bf004ed4 T rt2880_free_buf_entry_dequeue
bf004f08 t rt2880_free_buf_entry_enqueue
bf004f88 T rt2880_eth_initialize
bf005258 T LANWANPartition
bf0052bc T isDMABusy
bf005334 T rt305x_esw_init
bf0055a8 t rt2880_eth_init
bf005a38 t rt2880_eth_send
bf005d58 T rt2880_eth_halt
bf005d70 t rt2880_eth_recv
bf006128 T input_value
bf0061c0 T enable_mdio
bf0061f4 T mii_mgr_read
bf00637c T mii_mgr_write
bf006504 T rt2880_mdio_access
bf0068e0 t spi_master_init
bf0069c0 t spi_write
bf006a30 t spi_write32
bf006ac4 t spi_read
bf006b84 t eeprom_get_status_reg
bf006c8c T spi_eeprom_dump
bf006ca8 T spi_eeprom_cmd
bf007320 T spi_vtss_write
bf0073d4 T vtss_init
bf0074b0 T spi_vtss_cmd
bf0077bc T rt2880_spi_toolkit
bf0078b0 t delete_char
bf007a08 T readline
bf007ed8 T run_command
bf0083dc T main_loop
bf0084f0 T do_go
bf0085d0 T print_image_hdr
bf008aac t zalloc
bf008ad0 t zfree
bf008ae8 T gunzip
bf008ccc T do_bootm
bf009450 T do_tftpb
bf009880 t envmatch
bf009924 T do_printenv
bf009b94 T _do_setenv
bf00a338 T setenv
bf00a38c T do_setenv
bf00a400 T getenv
bf00a4d8 T do_saveenv
bf00a530 T do_version
bf00a570 T find_cmd
bf00a690 T do_help
bf00a920 t console_setfile
bf00aa08 T serial_printf
bf00aa60 T fgetc
bf00aa98 T ftstc
bf00aad0 T fputc
bf00ab14 T fputs
bf00ab54 T fprintf
bf00abb4 T getc
bf00abf4 T tstc
bf00ac34 T putc
bf00ac7c T puts
bf00acbc T printf
bf00ad14 T vprintf
bf00ad60 T ctrlc
bf00ade4 T kaiker_button_p
bf00aea0 T disable_ctrlc
bf00aebc T had_ctrlc
bf00aed4 T clear_ctrlc
bf00aeec T dbg
bf00aefc T console_assign
bf00b018 T console_init_f
bf00b028 T console_init_r
bf00b190 T device_register
bf00b1d4 T devices_init
bf00b2d0 T devices_done
bf00b310 T malloc_bin_reloc
bf00b350 t do_check_chunk
bf00b358 t do_check_free_chunk
bf00b360 t do_check_inuse_chunk
bf00b368 t do_check_malloced_chunk
bf00b370 T malloc_trim
bf00b498 T free
bf00b70c T malloc
bf00be58 T realloc
bf00c3cc T memalign
bf00c564 T valloc
bf00c580 T pvalloc
bf00c5a4 T calloc
bf00c6b8 T cfree
bf00c6d0 T malloc_usable_size
bf00c728 T mallopt
bf00c7c0 T env_crc_update
bf00c810 t env_get_char_init
bf00c85c T env_get_char_memory
bf00c890 T env_get_addr
bf00c8c0 T env_relocate
bf00c9b0 t dummy
bf00c9b8 T get_version
bf00c9c0 T jumptable_init
bf00ca60 T NewHandle
bf00cb0c T DisposeHandle
bf00cb68 T GetHandleSize
bf00cb70 T SetHandleSize
bf00cc38 T ListCreate
bf00cca8 T ListSetAllocationPolicy
bf00ccb8 T ListDispose
bf00ccd0 T ListInsertItems
bf00cf1c T ListInsertItem
bf00cf34 T ListGetItems
bf00cf8c T ListGetPtrToItem
bf00cfcc T ListGetDataPtr
bf00cfd8 T ListGetItemSize
bf00cfe4 T ListNumItems
bf00cff0 t abbrev_spec
bf00d1cc t flash_fill_sect_ranges
bf00d418 T flash_sect_erase
bf00d54c T do_flerase
bf00d8bc T get_addr_boundary
bf00d980 T flash_sect_protect
bf00dafc T do_protect
bf00dee0 T cmd_get_data_size
bf00df98 T do_mem_md
bf00e268 T do_mem_mw
bf00e270 t mod_mem
bf00e47c T do_mem_nm
bf00e4c4 T do_mem_mm
bf00e50c T do_mem_cp
bf00e7c0 T env_get_char_spec
bf00e7d0 T env_init
bf00e850 T saveenv
bf00ea38 T env_relocate_spec
bf00ea60 T flash_protect
bf00ec1c T addr2info
bf00ec70 T flash_write
bf00ee40 T flash_perror
bf00ef90 T crc32
bf00f120 T display_options
bf00f160 T print_size
bf00f270 T strnicmp
bf00f2f4 T strcat
bf00f32c T strncat
bf00f378 T strchr
bf00f3b4 T strlen
bf00f3d8 T strrchr
bf00f450 T strnlen
bf00f48c T strdup
bf00f504 T strspn
bf00f564 T strpbrk
bf00f5b4 T strtok
bf00f674 T strsep
bf00f6e0 T strswab
bf00f72c T memset
bf00f758 T memcpy
bf00f788 T memmove
bf00f804 T memcmp
bf00f834 T strstr
bf00f8f4 T memchr
bf00f930 T simple_strtoul
bf00fa24 T simple_strtol
bf00fa74 t skip_atoi
bf00fad4 t number
bf00fd48 T vsprintf
bf0102a4 T sprintf
bf0102e0 t inflate_codes_free
bf0102f8 t inflate_trees_free
bf01035c t inflate_blocks_reset
bf01048c T inflateEnd
bf010558 T inflateReset
bf0105cc T inflateSync
bf01070c T inflateInit2
bf0108b4 T inflateInit
bf0108cc t inflate_codes_new
bf010948 T inflateIncomp
bf010ad4 t inflate_flush
bf010c90 t huft_build
bf0111f8 t falloc
bf011228 t ffree
bf011230 T inflate
bf013058 T adler32
bf013220 T RangeDecoderReadByte
bf013254 T RangeDecoderInit
bf0132dc T RangeDecoderDecodeDirectBits
bf013398 T RangeDecoderBitDecode
bf0134ac T RangeDecoderBitTreeDecode
bf013540 T RangeDecoderReverseBitTreeDecode
bf0135e4 T LzmaLiteralDecode
bf013654 T LzmaLiteralDecodeMatch
bf01372c T LzmaLenDecode
bf013818 T LzmaDecode
bf013c8c T lzmaBuffToBuffDecompress
bf013ea0 T get_ram_size
bf013fd4 T initdram
bf014010 T checkboard
bf014050 t flash_get_info
bf014094 t flash_reset
bf0140c4 T flash_init
bf0146e8 T flash_print_info
bf0146f0 T erase_all_chip
bf014a54 T flash_erase
bf01514c t write_word_amd
bf01532c T write_buff
bf0154e0 T serial_setbrg
bf0155a0 T serial_init
bf0155d8 T serial_putc
bf01562c T serial_tstc
bf015640 T serial_getc
bf015664 T serial_puts
bf0156c0 T do_reset
bf0156d8 T flush_cache
bf0156e0 t linux_env_set
bf015808 T do_bootm_linux
bf015f40 T GregorianDay
bf0160b8 T to_tm
bf01622c T mktime
bf016310 R version_string
bf016480 r baudrate_table
bf0164a0 r __FUNCTION__.0
bf0164b0 r crc_table
bf01a2c0 D NetOurNativeVLAN
bf01a2c2 D NetOurVLAN
bf01a2c4 D NetBcastAddr
bf01a2d0 d rt2880_gmac1_mac
bf01a2f0 d lutonu
bf01c2e0 d tab_seq
bf01c2ec d erase_seq
bf01c2f0 d history_cur_idx
bf01c2f4 d history_last_idx
bf01c300 D load_addr
bf01c310 d mmap_threshold
bf01c314 d trim_threshold
bf01c318 d sbrk_base
bf01c320 D default_environment
bf01c5e0 D dp_last_length
bf01c5f0 D env_ptr
bf01c5f4 d flash_addr
bf01c600 d inflate_mask
bf01c644 d border
bf01c690 d cpdext
bf01c708 d cpdist
bf01c780 d cplext
bf01c7fc d cplens
bf01c878 d fixed_left
bf01c880 D _ctype
bf01c980 d FLASH_CYCLE2
bf01c984 d FLASH_CYCLE1
bf01c990 d month_days
bf01c9c0 D stdio_names
bf01c9cc d av_
bf01cdd4 D env_get_char
bf01cdd8 D env_name_spec
bf01cddc D z_errmsg
bf01cdfc D zlib_version
bf01ce00 A __got_start
bf01ce00 A _gp
bf01ce00 D _GLOBAL_OFFSET_TABLE_
bf01d22c A __got_end
bf01d22c A __u_boot_cmd_start
bf01d22c D __u_boot_cmd_mdio
bf01d244 D __u_boot_cmd_spicmd
bf01d25c D __u_boot_cmd_reset
bf01d274 D __u_boot_cmd_go
bf01d28c D __u_boot_cmd_bootm
bf01d2a4 D __u_boot_cmd_tftpboot
bf01d2bc D __u_boot_cmd_saveenv
bf01d2d4 D __u_boot_cmd_setenv
bf01d2ec D __u_boot_cmd_printenv
bf01d304 D __u_boot_cmd_question_mark
bf01d31c D __u_boot_cmd_help
bf01d334 D __u_boot_cmd_version
bf01d34c D __u_boot_cmd_protect
bf01d364 D __u_boot_cmd_erase
bf01d37c D __u_boot_cmd_cp
bf01d394 D __u_boot_cmd_mw
bf01d3ac D __u_boot_cmd_nm
bf01d3c4 D __u_boot_cmd_mm
bf01d3dc D __u_boot_cmd_md
bf01d3f4 A __u_boot_cmd_end
bf01d3f4 A uboot_end_data
bf01d400 B modifies
bf01d404 b mem_malloc_start
bf01d408 b mem_malloc_end
bf01d40c b mem_malloc_brk
bf01d410 b file_name_space
bf01d450 B NetTxPacket
bf01d454 B NetRestartWrap
bf01d458 B NetEtherNullAddr
bf01d460 B NetServerEther
bf01d466 B NetBootFileSize
bf01d468 B NetOurRootPath
bf01d4a8 B NetOurHostName
bf01d4c8 B NetOurNISDomain
bf01d4e8 B NetOurDNSIP
bf01d4ec B NetOurGatewayIP
bf01d4f0 B NetOurSubnetMask
bf01d4f4 b NetDevExists
bf01d4f8 b NetRestarted
bf01d4fc b packetHandler
bf01d500 b timeHandler
bf01d504 b timeStart
bf01d508 b timeDelta
bf01d510 b TftpServerPort
bf01d514 b TftpOurPort
bf01d518 b TftpTimeoutCount
bf01d51c b TftpBlock
bf01d520 b TftpLastBlock
bf01d524 b TftpBlockWrap
bf01d528 b TftpBlockWrapOffset
bf01d52c b TftpState
bf01d530 b default_filename
bf01d540 b tftp_filename
bf01d550 b first_failed.0
bf01d554 b eth_devices
bf01d558 b eth_current
bf01d560 b rt2880_free_buf
bf01d830 b is_internal_loopback_test
bf01d840 b tx_ring0_cache
bf01d980 b rx_ring_cache
bf01dac0 b rx_dma_owner_idx0
bf01dac4 b rx_wants_alloc_idx0
bf01dac8 b tx_cpu_owner_idx0
bf01dacc b tx_cpu_owner_idx1
bf01dad0 b rx_ring
bf01dad4 b tx_ring0
bf01dad8 b rxRingSize
bf01dad9 b txRingSize
bf01dadc b rt2880_eth_initd
bf01dae0 b eth_loopback_mode
bf01dae4 b loopback_protect
bf01dae8 b force_queue_n
bf01daec b sdp0_alig_16n_x
bf01daf0 b sdp1_alig_16n_x
bf01daf4 b internal_loopback_test
bf01daf8 b rt2880_esram_gear
bf01dafc b rt2880_size_of_mem
bf01db00 b header_payload_scatter_en
bf01db04 b rt2880_hdrlen
bf01db08 b rt2880_buf_in_esram_en
bf01db0c b rt2880_desc_in_esram
bf01db10 b rt2880_sdp0_buf_in_esram_en
bf01db14 b rt2880_debug_en
bf01db18 b PKT_HEADER_Buf_Pool
bf034360 b history_enable
bf034364 b history_counter
bf034368 b lastcommand.0
bf034470 b ctrlc_was_pressed
bf034474 b ctrlc_disabled
bf034480 B stdio_devices
bf03448c B devlist
bf034490 b n_mmaps_max
bf034494 b top_pad
bf034498 b current_mallinfo
bf0344c0 b max_total_mem
bf0344c4 b mmapped_mem
bf0344c8 b max_sbrked_mem
bf0344d0 b base_address
bf0344e0 b fixed_built
bf0344e4 b fixed_lock
bf0344e8 b fixed_mem
bf035578 b fixed_bl
bf03557c b fixed_bd
bf035580 b fixed_tl
bf035584 b fixed_td
bf035590 b flash_use_SSI_standard
bf0355a0 b linux_argc
bf0355a4 b linux_argv
bf0355a8 b linux_env
bf0355ac b linux_env_p
bf0355b0 b linux_env_idx
bf0355c0 B gd_data
bf0355e4 B Pkt_Buf_Pool
bf04ca24 B NetRxPackets
bf04cb14 B BootFile
bf04cb94 B NetArpWaitPacketBuf
bf04d1d4 B console_buffer
bf04d2d4 B console_history
bf04dcd4 B header
bf04dd14 B flash_info
bf04e244 A uboot_end
bf04e244 C monitor_flash_len
bf04e248 C mips_bus_feq
bf04e24c C mips_cpu_feq
bf04e250 C NetArpWaitTry
bf04e254 C NetArpWaitPacketMAC
bf04e258 C NetOurEther
bf04e260 C NetOurIP
bf04e264 C NetServerIP
bf04e268 C NetArpWaitTxPacketSize
bf04e26c C NetArpWaitReplyIP
bf04e270 C NetArpWaitTxPacket
bf04e274 C NetArpWaitPacketIP
bf04e278 C NetState
bf04e27c C NetIPID
bf04e280 C NetRxPkt
bf04e284 C NetRxPktLen
bf04e288 C NetBootFileXferSize
bf04e28c C PktBuf
bf04e290 C NetArpWaitTimerStart
bf04e294 C rt2880_free_buf_list
bf04e29c C PKT_HEADER_Buf
bf04e2a0 C rt2880_pdev
bf04e2a4 C rt2880_busing_buf_list
bf04e2ac C dp_last_size
bf04e2b0 C dp_last_addr
bf04e2b4 C mm_last_size
bf04e2b8 C mm_last_addr
bf04e2bc C rt2880_flash_start_t
bf04e2c0 C ___strtok
